// Jest Snapshot v1, https://goo.gl/fbAQLP

exports[`Login page tests snapshot login view 1`] = `
Object {
  "asFragment": [Function],
  "baseElement": <body>
    <div>
      <div
        class="div"
      >
        <div>
          <h1
            class="heading-1"
          >
            Login
          </h1>
        </div>
        <form>
          <input
            class="center-block"
            data-testid="input-name"
            name="name"
            placeholder="Name"
            type="text"
            value=""
          />
          <input
            class="center-block"
            data-testid="input-email"
            name="email"
            placeholder="Email"
            type="email"
            value=""
          />
          <div>
            <button
              class="center-block"
              data-testid="login-btn"
            >
              Go
            </button>
          </div>
        </form>
      </div>
    </div>
  </body>,
  "container": <div>
    <div
      class="div"
    >
      <div>
        <h1
          class="heading-1"
        >
          Login
        </h1>
      </div>
      <form>
        <input
          class="center-block"
          data-testid="input-name"
          name="name"
          placeholder="Name"
          type="text"
          value=""
        />
        <input
          class="center-block"
          data-testid="input-email"
          name="email"
          placeholder="Email"
          type="email"
          value=""
        />
        <div>
          <button
            class="center-block"
            data-testid="login-btn"
          >
            Go
          </button>
        </div>
      </form>
    </div>
  </div>,
  "debug": [Function],
  "findAllByAltText": [Function],
  "findAllByDisplayValue": [Function],
  "findAllByLabelText": [Function],
  "findAllByPlaceholderText": [Function],
  "findAllByRole": [Function],
  "findAllByTestId": [Function],
  "findAllByText": [Function],
  "findAllByTitle": [Function],
  "findByAltText": [Function],
  "findByDisplayValue": [Function],
  "findByLabelText": [Function],
  "findByPlaceholderText": [Function],
  "findByRole": [Function],
  "findByTestId": [Function],
  "findByText": [Function],
  "findByTitle": [Function],
  "getAllByAltText": [Function],
  "getAllByDisplayValue": [Function],
  "getAllByLabelText": [Function],
  "getAllByPlaceholderText": [Function],
  "getAllByRole": [Function],
  "getAllByTestId": [Function],
  "getAllByText": [Function],
  "getAllByTitle": [Function],
  "getByAltText": [Function],
  "getByDisplayValue": [Function],
  "getByLabelText": [Function],
  "getByPlaceholderText": [Function],
  "getByRole": [Function],
  "getByTestId": [Function],
  "getByText": [Function],
  "getByTitle": [Function],
  "queryAllByAltText": [Function],
  "queryAllByDisplayValue": [Function],
  "queryAllByLabelText": [Function],
  "queryAllByPlaceholderText": [Function],
  "queryAllByRole": [Function],
  "queryAllByTestId": [Function],
  "queryAllByText": [Function],
  "queryAllByTitle": [Function],
  "queryByAltText": [Function],
  "queryByDisplayValue": [Function],
  "queryByLabelText": [Function],
  "queryByPlaceholderText": [Function],
  "queryByRole": [Function],
  "queryByTestId": [Function],
  "queryByText": [Function],
  "queryByTitle": [Function],
  "rerender": [Function],
  "unmount": [Function],
}
`;
