// Jest Snapshot v1, https://goo.gl/fbAQLP

exports[`<Posts/> renders with Props 1`] = `
Object {
  "asFragment": [Function],
  "baseElement": <body>
    <div>
      <div>
        <div
          class="loading-spinner"
        />
        <div>
          <h1
            class="heading-1"
          >
            Post List
          </h1>
          <button
            class="button"
            data-testid="logout-btn"
          >
            Log Out
          </button>
        </div>
        <div
          class="grid-container"
        >
          <div>
            <div>
              <input
                class="search-input"
                data-testid="search-name"
                name="search"
                placeholder="Search"
                type="text"
                value=""
              />
            </div>
          </div>
          <div>
            <div
              class="fleft"
            >
              <button
                class="ml15"
                data-testid="prv-page-btn"
                disabled=""
              >
                Previous Page
              </button>
            </div>
            <div
              class="fleft"
            >
              <button
                class="ml15"
                data-testid="next-page-btn"
              >
                Next Page
              </button>
            </div>
          </div>
          <div>
            <div
              class="fleft"
            >
              <button
                class="ml15"
                data-testid="sort-recent-msg"
              >
                Recent Posts
              </button>
            </div>
            <div>
              <button
                class="ml15"
                data-testid="sort-old-msg"
              >
                Old Posts
              </button>
            </div>
          </div>
          <div>
            <div>
              <input
                class="search-input"
                data-testid="search-name"
                name="search"
                placeholder="Search"
                type="text"
                value=""
              />
            </div>
          </div>
        </div>
        <div>
          <ul
            class="first-list"
          />
        </div>
        <div>
          <div>
            <ul
              class="second-list"
            />
          </div>
        </div>
      </div>
    </div>
  </body>,
  "container": <div>
    <div>
      <div
        class="loading-spinner"
      />
      <div>
        <h1
          class="heading-1"
        >
          Post List
        </h1>
        <button
          class="button"
          data-testid="logout-btn"
        >
          Log Out
        </button>
      </div>
      <div
        class="grid-container"
      >
        <div>
          <div>
            <input
              class="search-input"
              data-testid="search-name"
              name="search"
              placeholder="Search"
              type="text"
              value=""
            />
          </div>
        </div>
        <div>
          <div
            class="fleft"
          >
            <button
              class="ml15"
              data-testid="prv-page-btn"
              disabled=""
            >
              Previous Page
            </button>
          </div>
          <div
            class="fleft"
          >
            <button
              class="ml15"
              data-testid="next-page-btn"
            >
              Next Page
            </button>
          </div>
        </div>
        <div>
          <div
            class="fleft"
          >
            <button
              class="ml15"
              data-testid="sort-recent-msg"
            >
              Recent Posts
            </button>
          </div>
          <div>
            <button
              class="ml15"
              data-testid="sort-old-msg"
            >
              Old Posts
            </button>
          </div>
        </div>
        <div>
          <div>
            <input
              class="search-input"
              data-testid="search-name"
              name="search"
              placeholder="Search"
              type="text"
              value=""
            />
          </div>
        </div>
      </div>
      <div>
        <ul
          class="first-list"
        />
      </div>
      <div>
        <div>
          <ul
            class="second-list"
          />
        </div>
      </div>
    </div>
  </div>,
  "debug": [Function],
  "findAllByAltText": [Function],
  "findAllByDisplayValue": [Function],
  "findAllByLabelText": [Function],
  "findAllByPlaceholderText": [Function],
  "findAllByRole": [Function],
  "findAllByTestId": [Function],
  "findAllByText": [Function],
  "findAllByTitle": [Function],
  "findByAltText": [Function],
  "findByDisplayValue": [Function],
  "findByLabelText": [Function],
  "findByPlaceholderText": [Function],
  "findByRole": [Function],
  "findByTestId": [Function],
  "findByText": [Function],
  "findByTitle": [Function],
  "getAllByAltText": [Function],
  "getAllByDisplayValue": [Function],
  "getAllByLabelText": [Function],
  "getAllByPlaceholderText": [Function],
  "getAllByRole": [Function],
  "getAllByTestId": [Function],
  "getAllByText": [Function],
  "getAllByTitle": [Function],
  "getByAltText": [Function],
  "getByDisplayValue": [Function],
  "getByLabelText": [Function],
  "getByPlaceholderText": [Function],
  "getByRole": [Function],
  "getByTestId": [Function],
  "getByText": [Function],
  "getByTitle": [Function],
  "queryAllByAltText": [Function],
  "queryAllByDisplayValue": [Function],
  "queryAllByLabelText": [Function],
  "queryAllByPlaceholderText": [Function],
  "queryAllByRole": [Function],
  "queryAllByTestId": [Function],
  "queryAllByText": [Function],
  "queryAllByTitle": [Function],
  "queryByAltText": [Function],
  "queryByDisplayValue": [Function],
  "queryByLabelText": [Function],
  "queryByPlaceholderText": [Function],
  "queryByRole": [Function],
  "queryByTestId": [Function],
  "queryByText": [Function],
  "queryByTitle": [Function],
  "rerender": [Function],
  "unmount": [Function],
}
`;
